<html>
<body>
<pre>
<h1>µVision Build Log</h1>
<h2>Tool Versions:</h2>
IDE-Version: µVision V5.32.0.0
Copyright (C) 2020 ARM Ltd and ARM Germany GmbH. All rights reserved.
License Information: Abdallah Alnemr, KEIL, LIC=----
 
Tool Versions:
Toolchain:       MDK-Lite  Version: 5.32.0.0
Toolchain Path:  E:\Programs\ARM\ARMCC\Bin
C Compiler:      Armcc.exe V5.06 update 7 (build 960)
Assembler:       Armasm.exe V5.06 update 7 (build 960)
Linker/Locator:  ArmLink.exe V5.06 update 7 (build 960)
Library Manager: ArmAr.exe V5.06 update 7 (build 960)
Hex Converter:   FromElf.exe V5.06 update 7 (build 960)
CPU DLL:         SARMCM3.DLL V5.32.0.0
Dialog DLL:      DCM.DLL V1.17.3.0
Target DLL:      STLink\ST-LINKIII-KEIL_SWO.dll V3.0.8.0
Dialog DLL:      TCM.DLL V1.46.0.0
 
<h2>Project:</h2>
E:\STM32WorkSpace\Basic_Bootloader_STM32F407VG\MDK-ARM\Basic_Bootloader_STM32F407VG.uvprojx
Project File Date:  08/06/2024

<h2>Output:</h2>
*** Using Compiler 'V5.06 update 7 (build 960)', folder: 'E:\Programs\ARM\ARMCC\Bin'
Build target 'Basic_Bootloader_STM32F407VG'
compiling crc.c...
compiling gpio.c...
compiling main.c...
../Core/Src/main.c(95): warning:  #550-D: variable "Status"  was set but never used
  	BL_Status Status = BL_NACK;
../Core/Src/main.c: 1 warning, 0 errors
compiling stm32f4xx_it.c...
compiling usart.c...
compiling stm32f4xx_hal_msp.c...
compiling system_stm32f4xx.c...
compiling stm32f4xx_hal_crc.c...
compiling stm32f4xx_hal_rcc.c...
compiling stm32f4xx_hal_flash.c...
compiling stm32f4xx_hal_rcc_ex.c...
compiling stm32f4xx_hal_flash_ex.c...
compiling stm32f4xx_hal_flash_ramfunc.c...
compiling stm32f4xx_hal_gpio.c...
compiling stm32f4xx_hal_dma_ex.c...
compiling stm32f4xx_hal_dma.c...
compiling stm32f4xx_hal_pwr.c...
compiling stm32f4xx_hal_pwr_ex.c...
compiling stm32f4xx_hal.c...
compiling stm32f4xx_hal_cortex.c...
compiling stm32f4xx_hal_exti.c...
compiling stm32f4xx_hal_tim.c...
compiling stm32f4xx_hal_tim_ex.c...
compiling stm32f4xx_hal_uart.c...
compiling bootloader.c...
..\Bootloader\bootloader.c(304): warning:  #550-D: variable "HAL_Status"  was set but never used
  	HAL_StatusTypeDef HAL_Status = HAL_ERROR;
..\Bootloader\bootloader.c(35): warning:  #177-D: function "bootloader_jump_to_user_app"  was declared but never referenced
  static void bootloader_jump_to_user_app(void){
..\Bootloader\bootloader.c: 2 warnings, 0 errors
linking...
Program Size: Code=15130 RO-data=1082 RW-data=36 ZI-data=2012  
FromELF: creating hex file...
"Basic_Bootloader_STM32F407VG\Basic_Bootloader_STM32F407VG.axf" - 0 Error(s), 3 Warning(s).

<h2>Software Packages used:</h2>

Package Vendor: ARM
                https://www.keil.com/pack/ARM.CMSIS.6.1.0.pack
                ARM.CMSIS.6.1.0
                CMSIS (Common Microcontroller Software Interface Standard)
   * Component: CORE Version: 6.1.0

Package Vendor: Keil
                https://www.keil.com/pack/Keil.STM32F4xx_DFP.2.17.1.pack
                Keil.STM32F4xx_DFP.2.17.1
                STMicroelectronics STM32F4 Series Device Support, Drivers and Examples

<h2>Collection of Component include folders:</h2>
  .\RTE\_Basic_Bootloader_STM32F407VG
  E:\Abdallah\ARM\CMSIS\6.1.0\CMSIS\Core\Include
  E:\Abdallah\Keil\STM32F4xx_DFP\2.17.1\Drivers\CMSIS\Device\ST\STM32F4xx\Include

<h2>Collection of Component Files used:</h2>

   * Component: ARM::CMSIS:CORE:6.1.0
      Include file:  CMSIS\Core\Include\tz_context.h
Build Time Elapsed:  00:01:39
</pre>
</body>
</html>
